---------------------------------------------------
----- Marvellous Platform Surveillance System -----
Log created at : Sun Feb 15 22:55:59 2026
---------------------------------------------------

---------------------------------------------------
------------------ System Report ------------------
---------------------------------------------------
CPU Usage : 4.2 %
---------------------------------------------------
RAM Usage : 93.1 %
---------------------------------------------------

Disk Usage Report
C:\ -> 69.7 % used
D:\ -> 29.3 % used
---------------------------------------------------

Network Usage Report
Sent : 52.48 MB
Recv : 971.55 MB
---------------------------------------------------
PID : 0
PName : System Idle Process
UserName : NT AUTHORITY\SYSTEM
Status : running
CPU % : 970.20
Memory % : 0.00
Thread Count : 36
---------------------------------------------------
PID : 4
PName : System
UserName : NT AUTHORITY\SYSTEM
Status : running
CPU % : 7.90
Memory % : 0.01
Thread Count : 291
---------------------------------------------------
PID : 188
PName : 
UserName : None
Status : stopped
CPU % : 0.00
Memory % : 0.50
Thread Count : 0
---------------------------------------------------
PID : 228
PName : mcshield.exe
UserName : None
Status : running
CPU % : 0.00
Memory % : 0.00
Thread Count : 5
---------------------------------------------------
PID : 232
PName : Registry
UserName : None
Status : running
CPU % : 0.00
Memory % : 0.12
Thread Count : 4
---------------------------------------------------
PID : 396
PName : RuntimeBroker.exe
UserName : LAPTOP-QD380NVR\Shivani
Status : running
CPU % : 0.00
Memory % : 0.02
Thread Count : 3
---------------------------------------------------
PID : 404
PName : chrome.exe
UserName : LAPTOP-QD380NVR\Shivani
Status : running
CPU % : 0.00
Memory % : 0.42
Thread Count : 19
---------------------------------------------------
PID : 784
PName : smss.exe
UserName : None
Status : running
CPU % : 0.00
Memory % : 0.00
Thread Count : 2
---------------------------------------------------
PID : 896
PName : svchost.exe
UserName : None
Status : running
CPU % : 0.80
Memory % : 0.06
Thread Count : 10
---------------------------------------------------
PID : 1064
PName : svchost.exe
UserName : None
Status : running
CPU % : 0.80
Memory % : 0.16
Thread Count : 10
---------------------------------------------------
PID : 1080
PName : svchost.exe
UserName : None
Status : running
CPU % : 0.00
Memory % : 0.03
Thread Count : 3
---------------------------------------------------
PID : 1112
PName : svchost.exe
UserName : None
Status : running
CPU % : 0.00
Memory % : 0.11
Thread Count : 12
---------------------------------------------------
PID : 1116
PName : svchost.exe
UserName : None
Status : running
CPU % : 0.00
Memory % : 0.05
Thread Count : 6
---------------------------------------------------
PID : 1188
PName : WUDFHost.exe
UserName : None
Status : running
CPU % : 0.00
Memory % : 0.07
Thread Count : 11
---------------------------------------------------
PID : 1208
PName : Code.exe
UserName : LAPTOP-QD380NVR\Shivani
Status : running
CPU % : 0.00
Memory % : 9.19
Thread Count : 17
---------------------------------------------------
PID : 1212
PName : svchost.exe
UserName : None
Status : running
CPU % : 0.00
Memory % : 0.01
Thread Count : 3
---------------------------------------------------
PID : 1248
PName : dwm.exe
UserName : None
Status : running
CPU % : 18.40
Memory % : 0.49
Thread Count : 18
---------------------------------------------------
PID : 1288
PName : Code.exe
UserName : LAPTOP-QD380NVR\Shivani
Status : running
CPU % : 15.30
Memory % : 0.78
Thread Count : 53
---------------------------------------------------
PID : 1292
PName : UserOOBEBroker.exe
UserName : LAPTOP-QD380NVR\Shivani
Status : running
CPU % : 0.00
Memory % : 0.00
Thread Count : 1
---------------------------------------------------
PID : 1320
PName : smartscreen.exe
UserName : LAPTOP-QD380NVR\Shivani
Status : running
CPU % : 0.00
Memory % : 0.16
Thread Count : 3
---------------------------------------------------
PID : 1360
PName : svchost.exe
UserName : None
Status : running
CPU % : 0.00
Memory % : 0.01
Thread Count : 2
---------------------------------------------------
PID : 1368
PName : svchost.exe
UserName : None
Status : running
CPU % : 0.00
Memory % : 0.05
Thread Count : 2
---------------------------------------------------
PID : 1432
PName : WUDFHost.exe
UserName : None
Status : running
CPU % : 0.00
Memory % : 0.00
Thread Count : 5
---------------------------------------------------
PID : 1504
PName : csrss.exe
UserName : None
Status : running
CPU % : 0.00
Memory % : 0.03
Thread Count : 15
---------------------------------------------------
PID : 1592
PName : wininit.exe
UserName : None
Status : running
CPU % : 0.00
Memory % : 0.00
Thread Count : 1
---------------------------------------------------
PID : 1600
PName : csrss.exe
UserName : None
Status : running
CPU % : 1.30
Memory % : 0.02
Thread Count : 26
---------------------------------------------------
PID : 1684
PName : winlogon.exe
UserName : None
Status : running
CPU % : 0.00
Memory % : 0.01
Thread Count : 4
---------------------------------------------------
PID : 1736
PName : services.exe
UserName : None
Status : running
CPU % : 0.00
Memory % : 0.08
Thread Count : 7
---------------------------------------------------
PID : 1744
PName : LsaIso.exe
UserName : None
Status : running
CPU % : 0.00
Memory % : 0.01
Thread Count : 1
---------------------------------------------------
PID : 1752
PName : svchost.exe
UserName : None
Status : running
CPU % : 0.00
Memory % : 0.02
Thread Count : 5
---------------------------------------------------
PID : 1764
PName : lsass.exe
UserName : None
Status : running
CPU % : 0.00
Memory % : 0.15
Thread Count : 10
---------------------------------------------------
PID : 1792
PName : svchost.exe
UserName : None
Status : running
CPU % : 0.00
Memory % : 0.02
Thread Count : 5
---------------------------------------------------
PID : 1904
PName : svchost.exe
UserName : None
Status : running
CPU % : 0.00
Memory % : 0.27
Thread Count : 11
---------------------------------------------------
PID : 1908
PName : svchost.exe
UserName : None
Status : running
CPU % : 0.60
Memory % : 0.24
Thread Count : 17
---------------------------------------------------
PID : 1916
PName : msedgewebview2.exe
UserName : LAPTOP-QD380NVR\Shivani
Status : running
CPU % : 0.00
Memory % : 0.27
Thread Count : 21
---------------------------------------------------
PID : 1936
PName : svchost.exe
UserName : None
Status : running
CPU % : 0.00
Memory % : 0.01
Thread Count : 3
---------------------------------------------------
PID : 1940
PName : fontdrvhost.exe
UserName : None
Status : running
CPU % : 0.00
Memory % : 0.00
Thread Count : 5
---------------------------------------------------
PID : 1948
PName : fontdrvhost.exe
UserName : None
Status : running
CPU % : 0.00
Memory % : 0.00
Thread Count : 5
---------------------------------------------------
PID : 1984
PName : WUDFHost.exe
UserName : None
Status : running
CPU % : 0.00
Memory % : 0.06
Thread Count : 22
---------------------------------------------------
PID : 1992
PName : msedgewebview2.exe
UserName : LAPTOP-QD380NVR\Shivani
Status : running
CPU % : 0.00
Memory % : 0.30
Thread Count : 53
---------------------------------------------------
PID : 2040
PName : msedgewebview2.exe
UserName : LAPTOP-QD380NVR\Shivani
Status : running
CPU % : 0.00
Memory % : 0.02
Thread Count : 9
---------------------------------------------------
PID : 2052
PName : Code.exe
UserName : LAPTOP-QD380NVR\Shivani
Status : running
CPU % : 0.00
Memory % : 0.02
Thread Count : 7
---------------------------------------------------
PID : 2072
PName : svchost.exe
UserName : None
Status : running
CPU % : 0.00
Memory % : 0.03
Thread Count : 7
---------------------------------------------------
PID : 2104
PName : chrome.exe
UserName : LAPTOP-QD380NVR\Shivani
Status : running
CPU % : 0.00
Memory % : 3.83
Thread Count : 25
---------------------------------------------------
PID : 2172
PName : Code.exe
UserName : LAPTOP-QD380NVR\Shivani
Status : running
CPU % : 0.00
Memory % : 0.02
Thread Count : 8
---------------------------------------------------
PID : 2204
PName : IntelCpHDCPSvc.exe
UserName : None
Status : running
CPU % : 0.00
Memory % : 0.00
Thread Count : 3
---------------------------------------------------
PID : 2220
PName : svchost.exe
UserName : None
Status : running
CPU % : 0.00
Memory % : 0.02
Thread Count : 9
---------------------------------------------------
PID : 2284
PName : svchost.exe
UserName : None
Status : running
CPU % : 0.00
Memory % : 0.02
Thread Count : 3
---------------------------------------------------
PID : 2336
PName : svchost.exe
UserName : None
Status : running
CPU % : 0.00
Memory % : 0.10
Thread Count : 12
---------------------------------------------------
PID : 2404
PName : svchost.exe
UserName : None
Status : running
CPU % : 0.00
Memory % : 0.05
Thread Count : 3
---------------------------------------------------
PID : 2476
PName : WUDFHost.exe
UserName : None
Status : running
CPU % : 0.00
Memory % : 0.00
Thread Count : 5
---------------------------------------------------
PID : 2492
PName : msedgewebview2.exe
UserName : LAPTOP-QD380NVR\Shivani
Status : running
CPU % : 0.00
Memory % : 0.07
Thread Count : 10
---------------------------------------------------
PID : 2500
PName : Code.exe
UserName : LAPTOP-QD380NVR\Shivani
Status : running
CPU % : 0.00
Memory % : 0.16
Thread Count : 18
---------------------------------------------------
PID : 2536
PName : svchost.exe
UserName : None
Status : running
CPU % : 0.00
Memory % : 0.06
Thread Count : 6
---------------------------------------------------
PID : 2664
PName : Code.exe
UserName : LAPTOP-QD380NVR\Shivani
Status : running
CPU % : 0.00
Memory % : 0.16
Thread Count : 31
---------------------------------------------------
PID : 2676
PName : msedgewebview2.exe
UserName : LAPTOP-QD380NVR\Shivani
Status : running
CPU % : 0.00
Memory % : 0.10
Thread Count : 21
---------------------------------------------------
PID : 2728
PName : svchost.exe
UserName : None
Status : running
CPU % : 0.00
Memory % : 0.04
Thread Count : 6
---------------------------------------------------
PID : 2836
PName : msedgewebview2.exe
UserName : LAPTOP-QD380NVR\Shivani
Status : running
CPU % : 0.00
Memory % : 0.03
Thread Count : 10
---------------------------------------------------
PID : 2848
PName : svchost.exe
UserName : None
Status : running
CPU % : 0.00
Memory % : 0.02
Thread Count : 2
---------------------------------------------------
PID : 2864
PName : svchost.exe
UserName : None
Status : running
CPU % : 0.00
Memory % : 0.02
Thread Count : 2
---------------------------------------------------
PID : 2884
PName : WUDFHost.exe
UserName : None
Status : running
CPU % : 0.00
Memory % : 0.00
Thread Count : 5
---------------------------------------------------
PID : 2920
PName : Code.exe
UserName : LAPTOP-QD380NVR\Shivani
Status : running
CPU % : 0.00
Memory % : 0.37
Thread Count : 12
---------------------------------------------------
PID : 3080
PName : svchost.exe
UserName : None
Status : running
CPU % : 0.00
Memory % : 0.13
Thread Count : 12
---------------------------------------------------
PID : 3096
PName : Code.exe
UserName : LAPTOP-QD380NVR\Shivani
Status : running
CPU % : 0.00
Memory % : 0.64
Thread Count : 27
---------------------------------------------------
PID : 3156
PName : svchost.exe
UserName : None
Status : running
CPU % : 0.00
Memory % : 0.02
Thread Count : 4
---------------------------------------------------
PID : 3164
PName : svchost.exe
UserName : None
Status : running
CPU % : 0.00
Memory % : 0.01
Thread Count : 5
---------------------------------------------------
PID : 3184
PName : svchost.exe
UserName : None
Status : running
CPU % : 0.00
Memory % : 0.15
Thread Count : 9
---------------------------------------------------
PID : 3212
PName : msedgewebview2.exe
UserName : LAPTOP-QD380NVR\Shivani
Status : running
CPU % : 0.00
Memory % : 0.09
Thread Count : 26
---------------------------------------------------
PID : 3248
PName : conhost.exe
UserName : LAPTOP-QD380NVR\Shivani
Status : running
CPU % : 0.00
Memory % : 0.00
Thread Count : 2
---------------------------------------------------
PID : 3308
PName : MemCompression
UserName : None
Status : running
CPU % : 0.00
Memory % : 0.98
Thread Count : 70
---------------------------------------------------
PID : 3392
PName : svchost.exe
UserName : None
Status : running
CPU % : 0.00
Memory % : 0.01
Thread Count : 3
---------------------------------------------------
PID : 3436
PName : svchost.exe
UserName : None
Status : running
CPU % : 0.00
Memory % : 0.03
Thread Count : 6
---------------------------------------------------
PID : 3444
PName : svchost.exe
UserName : None
Status : running
CPU % : 0.00
Memory % : 0.02
Thread Count : 3
---------------------------------------------------
PID : 3452
PName : svchost.exe
UserName : None
Status : running
CPU % : 0.90
Memory % : 0.18
Thread Count : 5
---------------------------------------------------
PID : 3524
PName : svchost.exe
UserName : None
Status : running
CPU % : 0.00
Memory % : 0.17
Thread Count : 17
---------------------------------------------------
PID : 3580
PName : svchost.exe
UserName : None
Status : running
CPU % : 0.00
Memory % : 0.06
Thread Count : 6
---------------------------------------------------
PID : 3632
PName : svchost.exe
UserName : None
Status : running
CPU % : 0.00
Memory % : 0.02
Thread Count : 5
---------------------------------------------------
PID : 3656
PName : chrome.exe
UserName : LAPTOP-QD380NVR\Shivani
Status : running
CPU % : 0.00
Memory % : 0.37
Thread Count : 27
---------------------------------------------------
PID : 3712
PName : GlobalPresenter.exe
UserName : LAPTOP-QD380NVR\Shivani
Status : running
CPU % : 0.00
Memory % : 0.30
Thread Count : 40
---------------------------------------------------
PID : 3740
PName : svchost.exe
UserName : None
Status : running
CPU % : 0.00
Memory % : 0.03
Thread Count : 4
---------------------------------------------------
PID : 3780
PName : cmd.exe
UserName : LAPTOP-QD380NVR\Shivani
Status : running
CPU % : 0.00
Memory % : 0.00
Thread Count : 1
---------------------------------------------------
PID : 3808
PName : chrome.exe
UserName : LAPTOP-QD380NVR\Shivani
Status : running
CPU % : 1.60
Memory % : 2.21
Thread Count : 45
---------------------------------------------------
PID : 3820
PName : svchost.exe
UserName : None
Status : running
CPU % : 0.00
Memory % : 0.11
Thread Count : 17
---------------------------------------------------
PID : 3852
PName : svchost.exe
UserName : None
Status : running
CPU % : 0.00
Memory % : 0.02
Thread Count : 4
---------------------------------------------------
PID : 3936
PName : spoolsv.exe
UserName : None
Status : running
CPU % : 0.00
Memory % : 0.00
Thread Count : 7
---------------------------------------------------
PID : 3984
PName : svchost.exe
UserName : None
Status : running
CPU % : 0.00
Memory % : 0.08
Thread Count : 15
---------------------------------------------------
PID : 4048
PName : svchost.exe
UserName : None
Status : running
CPU % : 0.00
Memory % : 0.03
Thread Count : 4
---------------------------------------------------
PID : 4144
PName : AnyDesk.exe
UserName : None
Status : running
CPU % : 0.00
Memory % : 0.01
Thread Count : 5
---------------------------------------------------
PID : 4152
PName : armsvc.exe
UserName : None
Status : running
CPU % : 0.00
Memory % : 0.00
Thread Count : 2
---------------------------------------------------
PID : 4160
PName : OneApp.IGCC.WinService.exe
UserName : None
Status : running
CPU % : 0.00
Memory % : 0.06
Thread Count : 5
---------------------------------------------------
PID : 4164
PName : DAX3API.exe
UserName : None
Status : running
CPU % : 0.00
Memory % : 0.02
Thread Count : 7
---------------------------------------------------
PID : 4176
PName : ElevocControlService.exe
UserName : None
Status : running
CPU % : 0.00
Memory % : 0.02
Thread Count : 9
---------------------------------------------------
PID : 4188
PName : svchost.exe
UserName : None
Status : running
CPU % : 0.00
Memory % : 0.31
Thread Count : 13
---------------------------------------------------
PID : 4196
PName : Lenovo.Modern.ImController.exe
UserName : None
Status : running
CPU % : 0.00
Memory % : 0.15
Thread Count : 26
---------------------------------------------------
PID : 4236
PName : svchost.exe
UserName : None
Status : running
CPU % : 0.00
Memory % : 0.28
Thread Count : 18
---------------------------------------------------
PID : 4248
PName : OfficeClickToRun.exe
UserName : None
Status : running
CPU % : 0.00
Memory % : 0.10
Thread Count : 20
---------------------------------------------------
PID : 4268
PName : IntelAudioService.exe
UserName : None
Status : running
CPU % : 0.00
Memory % : 0.04
Thread Count : 5
---------------------------------------------------
PID : 4292
PName : ipfsvc.exe
UserName : None
Status : running
CPU % : 0.00
Memory % : 0.00
Thread Count : 8
---------------------------------------------------
PID : 4304
PName : svchost.exe
UserName : None
Status : running
CPU % : 0.00
Memory % : 0.02
Thread Count : 6
---------------------------------------------------
PID : 4308
PName : svchost.exe
UserName : None
Status : running
CPU % : 0.00
Memory % : 0.06
Thread Count : 6
---------------------------------------------------
PID : 4332
PName : AppActions.exe
UserName : LAPTOP-QD380NVR\Shivani
Status : running
CPU % : 0.00
Memory % : 0.06
Thread Count : 7
---------------------------------------------------
PID : 4360
PName : ipf_uf.exe
UserName : None
Status : running
CPU % : 0.00
Memory % : 0.00
Thread Count : 3
---------------------------------------------------
PID : 4368
PName : jhi_service.exe
UserName : None
Status : running
CPU % : 0.00
Memory % : 0.00
Thread Count : 2
---------------------------------------------------
PID : 4420
PName : LenovoUtilityService.exe
UserName : None
Status : running
CPU % : 0.00
Memory % : 0.00
Thread Count : 6
---------------------------------------------------
PID : 4528
PName : LNBITSSvc.exe
UserName : None
Status : running
CPU % : 0.30
Memory % : 0.07
Thread Count : 11
---------------------------------------------------
PID : 4544
PName : VoiceAssistantService.exe
UserName : None
Status : running
CPU % : 0.00
Memory % : 0.02
Thread Count : 8
---------------------------------------------------
PID : 4708
PName : mfevtps.exe
UserName : None
Status : running
CPU % : 0.00
Memory % : 0.00
Thread Count : 3
---------------------------------------------------
PID : 4716
PName : mc-fw-host.exe
UserName : None
Status : running
CPU % : 0.30
Memory % : 0.58
Thread Count : 170
---------------------------------------------------
PID : 4724
PName : mfemms.exe
UserName : None
Status : running
CPU % : 0.00
Memory % : 0.02
Thread Count : 9
---------------------------------------------------
PID : 4736
PName : RstMwService.exe
UserName : None
Status : running
CPU % : 0.00
Memory % : 0.00
Thread Count : 6
---------------------------------------------------
PID : 4760
PName : MpDefenderCoreService.exe
UserName : None
Status : running
CPU % : 0.00
Memory % : 0.05
Thread Count : 8
---------------------------------------------------
PID : 4768
PName : RtkAudUService64.exe
UserName : None
Status : running
CPU % : 0.00
Memory % : 0.02
Thread Count : 15
---------------------------------------------------
PID : 4776
PName : svchost.exe
UserName : None
Status : running
CPU % : 0.00
Memory % : 0.05
Thread Count : 8
---------------------------------------------------
PID : 4784
PName : svchost.exe
UserName : None
Status : running
CPU % : 0.00
Memory % : 0.05
Thread Count : 5
---------------------------------------------------
PID : 4836
PName : UDClientService.exe
UserName : None
Status : running
CPU % : 0.90
Memory % : 0.08
Thread Count : 43
---------------------------------------------------
PID : 4880
PName : MsMpEng.exe
UserName : None
Status : running
CPU % : 2.20
Memory % : 2.14
Thread Count : 55
---------------------------------------------------
PID : 5004
PName : svchost.exe
UserName : None
Status : running
CPU % : 0.00
Memory % : 0.00
Thread Count : 3
---------------------------------------------------
PID : 5084
PName : svchost.exe
UserName : None
Status : running
CPU % : 0.00
Memory % : 0.10
Thread Count : 8
---------------------------------------------------
PID : 5096
PName : svchost.exe
UserName : None
Status : running
CPU % : 0.00
Memory % : 0.16
Thread Count : 17
---------------------------------------------------
PID : 5104
PName : Code.exe
UserName : LAPTOP-QD380NVR\Shivani
Status : running
CPU % : 0.00
Memory % : 2.49
Thread Count : 23
---------------------------------------------------
PID : 5252
PName : WhatsApp.Root.exe
UserName : LAPTOP-QD380NVR\Shivani
Status : running
CPU % : 0.00
Memory % : 0.82
Thread Count : 41
---------------------------------------------------
PID : 5276
PName : servicehost.exe
UserName : None
Status : running
CPU % : 0.00
Memory % : 0.38
Thread Count : 91
---------------------------------------------------
PID : 5312
PName : WMIRegistrationService.exe
UserName : None
Status : running
CPU % : 0.00
Memory % : 0.00
Thread Count : 2
---------------------------------------------------
PID : 5380
PName : mc-extn-browserhost.exe
UserName : LAPTOP-QD380NVR\Shivani
Status : running
CPU % : 0.00
Memory % : 0.02
Thread Count : 37
---------------------------------------------------
PID : 5728
PName : chrome.exe
UserName : LAPTOP-QD380NVR\Shivani
Status : running
CPU % : 0.00
Memory % : 1.88
Thread Count : 22
---------------------------------------------------
PID : 5884
PName : svchost.exe
UserName : None
Status : running
CPU % : 0.00
Memory % : 0.02
Thread Count : 2
---------------------------------------------------
PID : 6108
PName : msedgewebview2.exe
UserName : LAPTOP-QD380NVR\Shivani
Status : running
CPU % : 0.00
Memory % : 0.10
Thread Count : 21
---------------------------------------------------
PID : 6180
PName : chrome.exe
UserName : LAPTOP-QD380NVR\Shivani
Status : running
CPU % : 0.00
Memory % : 0.40
Thread Count : 19
---------------------------------------------------
PID : 6344
PName : svchost.exe
UserName : None
Status : running
CPU % : 0.00
Memory % : 0.02
Thread Count : 2
---------------------------------------------------
PID : 6584
PName : Code.exe
UserName : LAPTOP-QD380NVR\Shivani
Status : running
CPU % : 1.20
Memory % : 3.51
Thread Count : 28
---------------------------------------------------
PID : 6592
PName : Code.exe
UserName : LAPTOP-QD380NVR\Shivani
Status : running
CPU % : 0.00
Memory % : 0.39
Thread Count : 24
---------------------------------------------------
PID : 6616
PName : RuntimeBroker.exe
UserName : LAPTOP-QD380NVR\Shivani
Status : running
CPU % : 0.00
Memory % : 0.11
Thread Count : 29
---------------------------------------------------
PID : 6620
PName : WmiPrvSE.exe
UserName : None
Status : running
CPU % : 0.00
Memory % : 0.01
Thread Count : 4
---------------------------------------------------
PID : 7104
PName : ipf_helper.exe
UserName : LAPTOP-QD380NVR\Shivani
Status : running
CPU % : 0.30
Memory % : 0.01
Thread Count : 4
---------------------------------------------------
PID : 7116
PName : svchost.exe
UserName : None
Status : running
CPU % : 0.00
Memory % : 0.01
Thread Count : 4
---------------------------------------------------
PID : 7184
PName : chrome.exe
UserName : LAPTOP-QD380NVR\Shivani
Status : running
CPU % : 0.00
Memory % : 0.44
Thread Count : 24
---------------------------------------------------
PID : 7232
PName : unsecapp.exe
UserName : None
Status : running
CPU % : 0.00
Memory % : 0.04
Thread Count : 4
---------------------------------------------------
PID : 7260
PName : mfevtps.exe
UserName : None
Status : running
CPU % : 0.00
Memory % : 0.01
Thread Count : 5
---------------------------------------------------
PID : 7340
PName : pet.exe
UserName : LAPTOP-QD380NVR\Shivani
Status : running
CPU % : 0.00
Memory % : 0.00
Thread Count : 1
---------------------------------------------------
PID : 7524
PName : Code.exe
UserName : LAPTOP-QD380NVR\Shivani
Status : running
CPU % : 0.00
Memory % : 0.02
Thread Count : 8
---------------------------------------------------
PID : 7576
PName : AutoModeDetect.exe
UserName : LAPTOP-QD380NVR\Shivani
Status : running
CPU % : 0.00
Memory % : 0.03
Thread Count : 12
---------------------------------------------------
PID : 7612
PName : conhost.exe
UserName : LAPTOP-QD380NVR\Shivani
Status : running
CPU % : 0.00
Memory % : 0.00
Thread Count : 3
---------------------------------------------------
PID : 7840
PName : DAX3API.exe
UserName : None
Status : running
CPU % : 0.00
Memory % : 0.02
Thread Count : 3
---------------------------------------------------
PID : 8048
PName : uihost.exe
UserName : LAPTOP-QD380NVR\Shivani
Status : running
CPU % : 0.00
Memory % : 0.15
Thread Count : 64
---------------------------------------------------
PID : 8108
PName : McCSPServiceHost.exe
UserName : None
Status : running
CPU % : 0.00
Memory % : 0.13
Thread Count : 12
---------------------------------------------------
PID : 8156
PName : cmd.exe
UserName : LAPTOP-QD380NVR\Shivani
Status : running
CPU % : 0.00
Memory % : 0.00
Thread Count : 1
---------------------------------------------------
PID : 8176
PName : msedgewebview2.exe
UserName : LAPTOP-QD380NVR\Shivani
Status : running
CPU % : 0.00
Memory % : 0.08
Thread Count : 18
---------------------------------------------------
PID : 8296
PName : AggregatorHost.exe
UserName : None
Status : running
CPU % : 0.00
Memory % : 0.06
Thread Count : 4
---------------------------------------------------
PID : 8320
PName : conhost.exe
UserName : LAPTOP-QD380NVR\Shivani
Status : running
CPU % : 0.00
Memory % : 0.00
Thread Count : 3
---------------------------------------------------
PID : 8392
PName : python.exe
UserName : LAPTOP-QD380NVR\Shivani
Status : running
CPU % : 83.90
Memory % : 0.29
Thread Count : 4
---------------------------------------------------
PID : 8564
PName : svchost.exe
UserName : None
Status : running
CPU % : 0.00
Memory % : 0.17
Thread Count : 5
---------------------------------------------------
PID : 8796
PName : svchost.exe
UserName : LAPTOP-QD380NVR\Shivani
Status : running
CPU % : 0.00
Memory % : 0.03
Thread Count : 2
---------------------------------------------------
PID : 8904
PName : svchost.exe
UserName : None
Status : running
CPU % : 0.00
Memory % : 0.02
Thread Count : 13
---------------------------------------------------
PID : 8936
PName : unsecapp.exe
UserName : LAPTOP-QD380NVR\Shivani
Status : running
CPU % : 0.00
Memory % : 0.03
Thread Count : 3
---------------------------------------------------
PID : 9128
PName : mc-fw-host.exe
UserName : LAPTOP-QD380NVR\Shivani
Status : running
CPU % : 0.00
Memory % : 0.09
Thread Count : 47
---------------------------------------------------
PID : 9300
PName : WidgetService.exe
UserName : LAPTOP-QD380NVR\Shivani
Status : running
CPU % : 0.00
Memory % : 0.03
Thread Count : 6
---------------------------------------------------
PID : 9376
PName : svchost.exe
UserName : None
Status : running
CPU % : 0.00
Memory % : 0.02
Thread Count : 2
---------------------------------------------------
PID : 9512
PName : svchost.exe
UserName : None
Status : running
CPU % : 0.00
Memory % : 0.06
Thread Count : 17
---------------------------------------------------
PID : 9532
PName : explorer.exe
UserName : LAPTOP-QD380NVR\Shivani
Status : running
CPU % : 4.60
Memory % : 1.81
Thread Count : 104
---------------------------------------------------
PID : 9584
PName : mfefire.exe
UserName : None
Status : running
CPU % : 0.00
Memory % : 0.00
Thread Count : 2
---------------------------------------------------
PID : 9604
PName : Code.exe
UserName : LAPTOP-QD380NVR\Shivani
Status : running
CPU % : 0.00
Memory % : 0.19
Thread Count : 25
---------------------------------------------------
PID : 9624
PName : svchost.exe
UserName : None
Status : running
CPU % : 0.00
Memory % : 0.01
Thread Count : 7
---------------------------------------------------
PID : 9640
PName : RuntimeBroker.exe
UserName : LAPTOP-QD380NVR\Shivani
Status : running
CPU % : 0.00
Memory % : 0.06
Thread Count : 4
---------------------------------------------------
PID : 9680
PName : wlanext.exe
UserName : None
Status : running
CPU % : 0.00
Memory % : 0.02
Thread Count : 3
---------------------------------------------------
PID : 9812
PName : svchost.exe
UserName : None
Status : running
CPU % : 0.00
Memory % : 0.11
Thread Count : 11
---------------------------------------------------
PID : 9936
PName : svchost.exe
UserName : None
Status : running
CPU % : 0.00
Memory % : 0.01
Thread Count : 2
---------------------------------------------------
PID : 9988
PName : svchost.exe
UserName : None
Status : running
CPU % : 2.10
Memory % : 0.18
Thread Count : 10
---------------------------------------------------
PID : 10152
PName : svchost.exe
UserName : None
Status : running
CPU % : 0.00
Memory % : 0.17
Thread Count : 7
---------------------------------------------------
PID : 10212
PName : mfefire.exe
UserName : None
Status : running
CPU % : 0.00
Memory % : 0.01
Thread Count : 6
---------------------------------------------------
PID : 10272
PName : chrome.exe
UserName : LAPTOP-QD380NVR\Shivani
Status : running
CPU % : 0.50
Memory % : 2.47
Thread Count : 25
---------------------------------------------------
PID : 10296
PName : chrome.exe
UserName : LAPTOP-QD380NVR\Shivani
Status : running
CPU % : 0.00
Memory % : 0.42
Thread Count : 19
---------------------------------------------------
PID : 10316
PName : unsecapp.exe
UserName : LAPTOP-QD380NVR\Shivani
Status : running
CPU % : 0.00
Memory % : 0.03
Thread Count : 3
---------------------------------------------------
PID : 10356
PName : chrome.exe
UserName : LAPTOP-QD380NVR\Shivani
Status : running
CPU % : 0.00
Memory % : 0.26
Thread Count : 20
---------------------------------------------------
PID : 10372
PName : svchost.exe
UserName : None
Status : running
CPU % : 0.00
Memory % : 0.04
Thread Count : 5
---------------------------------------------------
PID : 10464
PName : RuntimeBroker.exe
UserName : LAPTOP-QD380NVR\Shivani
Status : running
CPU % : 0.00
Memory % : 0.12
Thread Count : 16
---------------------------------------------------
PID : 10468
PName : sihost.exe
UserName : LAPTOP-QD380NVR\Shivani
Status : running
CPU % : 0.00
Memory % : 0.17
Thread Count : 14
---------------------------------------------------
PID : 10528
PName : svchost.exe
UserName : LAPTOP-QD380NVR\Shivani
Status : running
CPU % : 0.00
Memory % : 0.11
Thread Count : 7
---------------------------------------------------
PID : 10576
PName : svchost.exe
UserName : LAPTOP-QD380NVR\Shivani
Status : running
CPU % : 0.00
Memory % : 0.01
Thread Count : 2
---------------------------------------------------
PID : 10652
PName : svchost.exe
UserName : LAPTOP-QD380NVR\Shivani
Status : running
CPU % : 0.00
Memory % : 0.19
Thread Count : 4
---------------------------------------------------
PID : 10712
PName : taskhostw.exe
UserName : LAPTOP-QD380NVR\Shivani
Status : running
CPU % : 0.00
Memory % : 0.08
Thread Count : 9
---------------------------------------------------
PID : 10720
PName : svchost.exe
UserName : None
Status : running
CPU % : 0.00
Memory % : 0.22
Thread Count : 7
---------------------------------------------------
PID : 10744
PName : svchost.exe
UserName : None
Status : running
CPU % : 0.00
Memory % : 0.11
Thread Count : 7
---------------------------------------------------
PID : 10956
PName : svchost.exe
UserName : LAPTOP-QD380NVR\Shivani
Status : running
CPU % : 0.00
Memory % : 0.03
Thread Count : 5
---------------------------------------------------
PID : 11096
PName : RtkAudUService64.exe
UserName : LAPTOP-QD380NVR\Shivani
Status : running
CPU % : 0.00
Memory % : 0.02
Thread Count : 8
---------------------------------------------------
PID : 11220
PName : chrome.exe
UserName : LAPTOP-QD380NVR\Shivani
Status : running
CPU % : 0.00
Memory % : 2.08
Thread Count : 23
---------------------------------------------------
PID : 11352
PName : svchost.exe
UserName : None
Status : running
CPU % : 0.00
Memory % : 0.01
Thread Count : 2
---------------------------------------------------
PID : 11364
PName : CrossDeviceResume.exe
UserName : LAPTOP-QD380NVR\Shivani
Status : running
CPU % : 0.00
Memory % : 0.04
Thread Count : 6
---------------------------------------------------
PID : 11424
PName : Widgets.exe
UserName : LAPTOP-QD380NVR\Shivani
Status : running
CPU % : 0.00
Memory % : 0.39
Thread Count : 11
---------------------------------------------------
PID : 11520
PName : svchost.exe
UserName : LAPTOP-QD380NVR\Shivani
Status : running
CPU % : 0.00
Memory % : 0.23
Thread Count : 11
---------------------------------------------------
PID : 11764
PName : conhost.exe
UserName : LAPTOP-QD380NVR\Shivani
Status : running
CPU % : 0.00
Memory % : 0.00
Thread Count : 2
---------------------------------------------------
PID : 11964
PName : svchost.exe
UserName : LAPTOP-QD380NVR\Shivani
Status : running
CPU % : 0.00
Memory % : 0.01
Thread Count : 3
---------------------------------------------------
PID : 12068
PName : svchost.exe
UserName : None
Status : running
CPU % : 0.00
Memory % : 0.06
Thread Count : 5
---------------------------------------------------
PID : 12164
PName : StartMenuExperienceHost.exe
UserName : LAPTOP-QD380NVR\Shivani
Status : running
CPU % : 0.00
Memory % : 0.22
Thread Count : 19
---------------------------------------------------
PID : 12172
PName : SearchHost.exe
UserName : LAPTOP-QD380NVR\Shivani
Status : running
CPU % : 0.00
Memory % : 0.13
Thread Count : 14
---------------------------------------------------
PID : 12388
PName : LockApp.exe
UserName : LAPTOP-QD380NVR\Shivani
Status : stopped
CPU % : 0.00
Memory % : 0.00
Thread Count : 15
---------------------------------------------------
PID : 12408
PName : chrome.exe
UserName : LAPTOP-QD380NVR\Shivani
Status : running
CPU % : 0.00
Memory % : 0.02
Thread Count : 8
---------------------------------------------------
PID : 12568
PName : FnHotkeyCapsLKNumLK.exe
UserName : LAPTOP-QD380NVR\Shivani
Status : running
CPU % : 0.00
Memory % : 0.01
Thread Count : 2
---------------------------------------------------
PID : 12600
PName : chrome.exe
UserName : LAPTOP-QD380NVR\Shivani
Status : running
CPU % : 0.00
Memory % : 0.09
Thread Count : 11
---------------------------------------------------
PID : 12616
PName : conhost.exe
UserName : LAPTOP-QD380NVR\Shivani
Status : running
CPU % : 0.00
Memory % : 0.00
Thread Count : 4
---------------------------------------------------
PID : 12668
PName : FnHotkeyUtility.exe
UserName : LAPTOP-QD380NVR\Shivani
Status : running
CPU % : 0.00
Memory % : 0.04
Thread Count : 9
---------------------------------------------------
PID : 12716
PName : chrome.exe
UserName : LAPTOP-QD380NVR\Shivani
Status : running
CPU % : 0.00
Memory % : 0.44
Thread Count : 19
---------------------------------------------------
PID : 12856
PName : svchost.exe
UserName : None
Status : running
CPU % : 0.00
Memory % : 0.04
Thread Count : 6
---------------------------------------------------
PID : 12916
PName : msedgewebview2.exe
UserName : LAPTOP-QD380NVR\Shivani
Status : running
CPU % : 0.00
Memory % : 0.10
Thread Count : 21
---------------------------------------------------
PID : 12948
PName : msedgewebview2.exe
UserName : LAPTOP-QD380NVR\Shivani
Status : running
CPU % : 0.00
Memory % : 0.11
Thread Count : 22
---------------------------------------------------
PID : 13016
PName : msedgewebview2.exe
UserName : LAPTOP-QD380NVR\Shivani
Status : running
CPU % : 0.00
Memory % : 0.28
Thread Count : 53
---------------------------------------------------
PID : 13040
PName : Code.exe
UserName : LAPTOP-QD380NVR\Shivani
Status : running
CPU % : 23.10
Memory % : 4.75
Thread Count : 25
---------------------------------------------------
PID : 13228
PName : msedgewebview2.exe
UserName : LAPTOP-QD380NVR\Shivani
Status : running
CPU % : 0.00
Memory % : 0.01
Thread Count : 7
---------------------------------------------------
PID : 13416
PName : svchost.exe
UserName : None
Status : running
CPU % : 0.00
Memory % : 0.16
Thread Count : 28
---------------------------------------------------
PID : 13648
PName : pet.exe
UserName : LAPTOP-QD380NVR\Shivani
Status : running
CPU % : 0.00
Memory % : 0.00
Thread Count : 1
---------------------------------------------------
PID : 13860
PName : svchost.exe
UserName : None
Status : running
CPU % : 0.00
Memory % : 0.02
Thread Count : 3
---------------------------------------------------
PID : 14452
PName : SecurityHealthService.exe
UserName : None
Status : running
CPU % : 0.00
Memory % : 0.18
Thread Count : 13
---------------------------------------------------
PID : 14512
PName : chrome.exe
UserName : LAPTOP-QD380NVR\Shivani
Status : running
CPU % : 0.00
Memory % : 0.44
Thread Count : 23
---------------------------------------------------
PID : 14516
PName : NisSrv.exe
UserName : None
Status : running
CPU % : 0.00
Memory % : 0.05
Thread Count : 4
---------------------------------------------------
PID : 14528
PName : SecurityHealthSystray.exe
UserName : LAPTOP-QD380NVR\Shivani
Status : running
CPU % : 0.00
Memory % : 0.00
Thread Count : 1
---------------------------------------------------
PID : 14584
PName : powershell.exe
UserName : LAPTOP-QD380NVR\Shivani
Status : running
CPU % : 0.00
Memory % : 0.07
Thread Count : 9
---------------------------------------------------
PID : 14692
PName : conhost.exe
UserName : LAPTOP-QD380NVR\Shivani
Status : running
CPU % : 0.00
Memory % : 0.00
Thread Count : 2
---------------------------------------------------
PID : 14744
PName : Code.exe
UserName : LAPTOP-QD380NVR\Shivani
Status : running
CPU % : 10.00
Memory % : 2.03
Thread Count : 21
---------------------------------------------------
PID : 14756
PName : ctfmon.exe
UserName : LAPTOP-QD380NVR\Shivani
Status : running
CPU % : 1.80
Memory % : 0.13
Thread Count : 12
---------------------------------------------------
PID : 14768
PName : cmd.exe
UserName : LAPTOP-QD380NVR\Shivani
Status : running
CPU % : 0.00
Memory % : 0.03
Thread Count : 1
---------------------------------------------------
PID : 14832
PName : SearchIndexer.exe
UserName : None
Status : running
CPU % : 0.00
Memory % : 0.12
Thread Count : 10
---------------------------------------------------
PID : 14904
PName : svchost.exe
UserName : LAPTOP-QD380NVR\Shivani
Status : running
CPU % : 0.00
Memory % : 0.10
Thread Count : 5
---------------------------------------------------
PID : 15032
PName : powershell.exe
UserName : LAPTOP-QD380NVR\Shivani
Status : running
CPU % : 0.00
Memory % : 0.07
Thread Count : 9
---------------------------------------------------
PID : 15056
PName : chrome.exe
UserName : LAPTOP-QD380NVR\Shivani
Status : running
CPU % : 0.00
Memory % : 0.53
Thread Count : 19
---------------------------------------------------
PID : 15060
PName : Code.exe
UserName : LAPTOP-QD380NVR\Shivani
Status : running
CPU % : 0.00
Memory % : 0.02
Thread Count : 8
---------------------------------------------------
PID : 15076
PName : dllhost.exe
UserName : LAPTOP-QD380NVR\Shivani
Status : running
CPU % : 0.00
Memory % : 0.01
Thread Count : 2
---------------------------------------------------
PID : 15140
PName : MessagingPlugin.exe
UserName : LAPTOP-QD380NVR\Shivani
Status : running
CPU % : 0.00
Memory % : 0.03
Thread Count : 14
---------------------------------------------------
PID : 15212
PName : TextInputHost.exe
UserName : LAPTOP-QD380NVR\Shivani
Status : running
CPU % : 0.60
Memory % : 0.31
Thread Count : 40
---------------------------------------------------
PID : 15592
PName : svchost.exe
UserName : None
Status : running
CPU % : 0.00
Memory % : 0.10
Thread Count : 12
---------------------------------------------------
PID : 15732
PName : conhost.exe
UserName : LAPTOP-QD380NVR\Shivani
Status : running
CPU % : 0.00
Memory % : 0.00
Thread Count : 5
---------------------------------------------------
PID : 15828
PName : AppProvisioningPlugin.exe
UserName : None
Status : running
CPU % : 0.20
Memory % : 0.02
Thread Count : 10
---------------------------------------------------
PID : 15840
PName : conhost.exe
UserName : None
Status : running
CPU % : 0.00
Memory % : 0.01
Thread Count : 4
---------------------------------------------------
PID : 15844
PName : svchost.exe
UserName : None
Status : running
CPU % : 0.00
Memory % : 0.06
Thread Count : 10
---------------------------------------------------
PID : 15928
PName : McSvHost.exe
UserName : None
Status : running
CPU % : 0.00
Memory % : 0.09
Thread Count : 59
---------------------------------------------------
PID : 15940
PName : msedgewebview2.exe
UserName : LAPTOP-QD380NVR\Shivani
Status : running
CPU % : 1.30
Memory % : 0.75
Thread Count : 50
---------------------------------------------------
PID : 16032
PName : Code.exe
UserName : LAPTOP-QD380NVR\Shivani
Status : running
CPU % : 0.00
Memory % : 0.15
Thread Count : 27
---------------------------------------------------
PID : 16076
PName : QSHelper.exe
UserName : LAPTOP-QD380NVR\Shivani
Status : running
CPU % : 0.00
Memory % : 0.00
Thread Count : 3
---------------------------------------------------
PID : 16136
PName : WindowsTerminal.exe
UserName : LAPTOP-QD380NVR\Shivani
Status : running
CPU % : 1.50
Memory % : 0.48
Thread Count : 12
---------------------------------------------------
PID : 16148
PName : OpenConsole.exe
UserName : LAPTOP-QD380NVR\Shivani
Status : running
CPU % : 0.00
Memory % : 0.02
Thread Count : 6
---------------------------------------------------
PID : 16168
PName : OneDrive.exe
UserName : LAPTOP-QD380NVR\Shivani
Status : running
CPU % : 0.00
Memory % : 0.22
Thread Count : 26
---------------------------------------------------
PID : 16196
PName : conhost.exe
UserName : LAPTOP-QD380NVR\Shivani
Status : running
CPU % : 0.00
Memory % : 0.00
Thread Count : 5
---------------------------------------------------
PID : 16288
PName : conhost.exe
UserName : LAPTOP-QD380NVR\Shivani
Status : running
CPU % : 0.00
Memory % : 0.00
Thread Count : 5
---------------------------------------------------
PID : 16360
PName : powershell.exe
UserName : LAPTOP-QD380NVR\Shivani
Status : running
CPU % : 0.00
Memory % : 0.07
Thread Count : 9
---------------------------------------------------
PID : 16436
PName : ShellHost.exe
UserName : LAPTOP-QD380NVR\Shivani
Status : running
CPU % : 0.00
Memory % : 0.06
Thread Count : 7
---------------------------------------------------
PID : 16532
PName : chrome.exe
UserName : LAPTOP-QD380NVR\Shivani
Status : running
CPU % : 0.20
Memory % : 1.74
Thread Count : 25
---------------------------------------------------
PID : 16564
PName : msedgewebview2.exe
UserName : LAPTOP-QD380NVR\Shivani
Status : running
CPU % : 0.00
Memory % : 0.10
Thread Count : 14
---------------------------------------------------
PID : 16732
PName : notepad++.exe
UserName : LAPTOP-QD380NVR\Shivani
Status : running
CPU % : 0.00
Memory % : 0.04
Thread Count : 5
---------------------------------------------------
PID : 17052
PName : ShellExperienceHost.exe
UserName : LAPTOP-QD380NVR\Shivani
Status : stopped
CPU % : 0.00
Memory % : 0.09
Thread Count : 22
---------------------------------------------------
PID : 17168
PName : Code.exe
UserName : LAPTOP-QD380NVR\Shivani
Status : running
CPU % : 0.00
Memory % : 5.00
Thread Count : 17
---------------------------------------------------
PID : 17540
PName : svchost.exe
UserName : None
Status : running
CPU % : 0.00
Memory % : 0.12
Thread Count : 3
---------------------------------------------------
PID : 17592
PName : svchost.exe
UserName : None
Status : running
CPU % : 0.00
Memory % : 0.31
Thread Count : 16
---------------------------------------------------
PID : 17660
PName : chrome.exe
UserName : LAPTOP-QD380NVR\Shivani
Status : running
CPU % : 0.20
Memory % : 0.58
Thread Count : 19
---------------------------------------------------
PID : 17764
PName : chrome.exe
UserName : LAPTOP-QD380NVR\Shivani
Status : running
CPU % : 0.00
Memory % : 0.42
Thread Count : 17
---------------------------------------------------
PID : 17996
PName : conhost.exe
UserName : LAPTOP-QD380NVR\Shivani
Status : running
CPU % : 0.00
Memory % : 0.00
Thread Count : 3
---------------------------------------------------
PID : 18016
PName : msedgewebview2.exe
UserName : LAPTOP-QD380NVR\Shivani
Status : running
CPU % : 0.00
Memory % : 3.69
Thread Count : 30
---------------------------------------------------
PID : 18204
PName : chrome.exe
UserName : LAPTOP-QD380NVR\Shivani
Status : running
CPU % : 0.00
Memory % : 0.28
Thread Count : 20
---------------------------------------------------
PID : 18564
PName : chrome.exe
UserName : LAPTOP-QD380NVR\Shivani
Status : running
CPU % : 0.00
Memory % : 0.49
Thread Count : 26
---------------------------------------------------
PID : 18748
PName : chrome.exe
UserName : LAPTOP-QD380NVR\Shivani
Status : running
CPU % : 0.00
Memory % : 0.39
Thread Count : 17
---------------------------------------------------
PID : 18768
PName : powershell.exe
UserName : LAPTOP-QD380NVR\Shivani
Status : running
CPU % : 0.00
Memory % : 0.00
Thread Count : 1
---------------------------------------------------
PID : 19124
PName : conhost.exe
UserName : LAPTOP-QD380NVR\Shivani
Status : running
CPU % : 0.00
Memory % : 0.00
Thread Count : 2
---------------------------------------------------
PID : 19356
PName : msedgewebview2.exe
UserName : LAPTOP-QD380NVR\Shivani
Status : running
CPU % : 0.00
Memory % : 0.01
Thread Count : 7
---------------------------------------------------
PID : 19372
PName : mc-web-view.exe
UserName : LAPTOP-QD380NVR\Shivani
Status : running
CPU % : 0.20
Memory % : 0.04
Thread Count : 14
---------------------------------------------------
PID : 19424
PName : msedgewebview2.exe
UserName : LAPTOP-QD380NVR\Shivani
Status : running
CPU % : 0.00
Memory % : 0.04
Thread Count : 9
---------------------------------------------------
PID : 19580
PName : chrome.exe
UserName : LAPTOP-QD380NVR\Shivani
Status : running
CPU % : 0.00
Memory % : 0.60
Thread Count : 22
---------------------------------------------------
PID : 19744
PName : chrome.exe
UserName : LAPTOP-QD380NVR\Shivani
Status : running
CPU % : 0.00
Memory % : 0.47
Thread Count : 20
---------------------------------------------------
PID : 19884
PName : chrome.exe
UserName : LAPTOP-QD380NVR\Shivani
Status : running
CPU % : 0.00
Memory % : 0.81
Thread Count : 27
---------------------------------------------------
PID : 19972
PName : chrome.exe
UserName : LAPTOP-QD380NVR\Shivani
Status : running
CPU % : 0.00
Memory % : 0.38
Thread Count : 13
---------------------------------------------------
PID : 20100
PName : msedgewebview2.exe
UserName : LAPTOP-QD380NVR\Shivani
Status : running
CPU % : 0.00
Memory % : 0.05
Thread Count : 9
---------------------------------------------------
PID : 20260
PName : chrome.exe
UserName : LAPTOP-QD380NVR\Shivani
Status : running
CPU % : 0.00
Memory % : 0.07
Thread Count : 11
---------------------------------------------------
PID : 20268
PName : browserhost.exe
UserName : LAPTOP-QD380NVR\Shivani
Status : running
CPU % : 0.00
Memory % : 0.03
Thread Count : 38
---------------------------------------------------
PID : 20428
PName : chrome.exe
UserName : LAPTOP-QD380NVR\Shivani
Status : running
CPU % : 0.00
Memory % : 0.28
Thread Count : 23
---------------------------------------------------
PID : 20472
PName : chrome.exe
UserName : LAPTOP-QD380NVR\Shivani
Status : running
CPU % : 0.00
Memory % : 0.08
Thread Count : 10
---------------------------------------------------
PID : 20504
PName : chrome.exe
UserName : LAPTOP-QD380NVR\Shivani
Status : running
CPU % : 0.00
Memory % : 0.60
Thread Count : 20
---------------------------------------------------
PID : 20560
PName : chrome.exe
UserName : LAPTOP-QD380NVR\Shivani
Status : running
CPU % : 0.00
Memory % : 0.46
Thread Count : 18
---------------------------------------------------
---------------------------------------------------
----------------- End of Log File -----------------
---------------------------------------------------
